differences from match_stringLiterals_topLevel_await at the questions listed in tests/editor-matrix-differences.txt

=== completions /*operand*/ main.tt:4:33 ===
  | const top0 = match (await later(input)) { "north" => note("n", 1), "south" | "east" => note("se", 2), _ => note("other", 0) };
  |                                 ^ /*operand*/
  tt only: top0 (Variable)

