differences from match_orPattern_arrowBody_finally at the questions listed in tests/editor-matrix-differences.txt

=== definition /*use*/ main.tt:6:112 ===
  |     const inner = (input: Token) => match (note("operand", input)) { Num(value) | Neg(value) => note("number", value), Word(text) => note("word", text), End => note("end", "") };
  |                                                                                                                ^ /*use*/
  tt only: main "value"

=== rename /*bind*/ main.tt:6:74 ===
  |     const inner = (input: Token) => match (note("operand", input)) { Num(value) | Neg(value) => note("number", value), Word(text) => note("word", text), End => note("end", "") };
  |                                                                          ^ /*bind*/
  tt only: main "value" -> value: ttRenamePlaceholder

