differences from match_nestedPattern_topLevel_await at the questions listed in tests/editor-matrix-differences.txt

=== completions /*use*/ main.tt:6:87 ===
  | const top0 = match (await later(input)) { Done(value: Some(value: v)) => note("some", v), Done(value: None()) => note("none", 0), Failed(error) => note("failed", error) };
  |                                                                                       ^ /*use*/
  tt only: abstract (Keyword)
  tt only: any (Keyword)
  tt only: asserts (Keyword)
  tt only: bigint (Keyword)
  tt only: boolean (Keyword)
  tt only: declare (Keyword)
  tt only: infer (Keyword)
  tt only: keyof (Keyword)
  tt only: module (Keyword)
  tt only: namespace (Keyword)
  tt only: never (Keyword)
  tt only: number (Keyword)
  tt only: object (Keyword)
  tt only: readonly (Keyword)
  tt only: string (Keyword)
  tt only: symbol (Keyword)
  tt only: unique (Keyword)
  tt only: unknown (Keyword)

=== completions /*use2*/ main.tt:6:163 ===
  | const top0 = match (await later(input)) { Done(value: Some(value: v)) => note("some", v), Done(value: None()) => note("none", 0), Failed(error) => note("failed", error) };
  |                                                                                                                                                                   ^ /*use2*/
  tt only: abstract (Keyword)
  tt only: any (Keyword)
  tt only: asserts (Keyword)
  tt only: bigint (Keyword)
  tt only: boolean (Keyword)
  tt only: declare (Keyword)
  tt only: infer (Keyword)
  tt only: keyof (Keyword)
  tt only: module (Keyword)
  tt only: namespace (Keyword)
  tt only: never (Keyword)
  tt only: number (Keyword)
  tt only: object (Keyword)
  tt only: readonly (Keyword)
  tt only: string (Keyword)
  tt only: symbol (Keyword)
  tt only: unique (Keyword)
  tt only: unknown (Keyword)

