differences from match_tagBindings_topLevel_using at the questions listed in tests/editor-matrix-differences.txt

=== completions /*use*/ main.tt:6:75 ===
  | const top0 = match (note("operand", input)) { Circle(r) => note("circle", r * 2), Rect(w, h) => note("rect", w * h), Point => note("point", 0) };
  |                                                                           ^ /*use*/
  tt only: abstract (Keyword)
  tt only: any (Keyword)
  tt only: asserts (Keyword)
  tt only: bigint (Keyword)
  tt only: boolean (Keyword)
  tt only: declare (Keyword)
  tt only: infer (Keyword)
  tt only: keyof (Keyword)
  tt only: module (Keyword)
  tt only: namespace (Keyword)
  tt only: never (Keyword)
  tt only: number (Keyword)
  tt only: object (Keyword)
  tt only: readonly (Keyword)
  tt only: string (Keyword)
  tt only: symbol (Keyword)
  tt only: unique (Keyword)
  tt only: unknown (Keyword)

=== completions /*use2*/ main.tt:6:114 ===
  | const top0 = match (note("operand", input)) { Circle(r) => note("circle", r * 2), Rect(w, h) => note("rect", w * h), Point => note("point", 0) };
  |                                                                                                                  ^ /*use2*/
  tt only: abstract (Keyword)
  tt only: any (Keyword)
  tt only: asserts (Keyword)
  tt only: bigint (Keyword)
  tt only: boolean (Keyword)
  tt only: declare (Keyword)
  tt only: infer (Keyword)
  tt only: keyof (Keyword)
  tt only: module (Keyword)
  tt only: namespace (Keyword)
  tt only: never (Keyword)
  tt only: number (Keyword)
  tt only: object (Keyword)
  tt only: readonly (Keyword)
  tt only: string (Keyword)
  tt only: symbol (Keyword)
  tt only: unique (Keyword)
  tt only: unknown (Keyword)

