differences from match_orPattern_objectProperty_optionalChain at the questions listed in tests/editor-matrix-differences.txt

=== definition /*use*/ main.tt:5:113 ===
  |   return { a: note("a", 1), value: match (box(input)?.inner.value!) { Num(value) | Neg(value) => note("number", value), Word(text) => note("word", text), End => note("end", "") }, c: note("c", 3) };
  |                                                                                                                 ^ /*use*/
  tt only: main "value"

=== rename /*bind*/ main.tt:5:75 ===
  |   return { a: note("a", 1), value: match (box(input)?.inner.value!) { Num(value) | Neg(value) => note("number", value), Word(text) => note("word", text), End => note("end", "") }, c: note("c", 3) };
  |                                                                           ^ /*bind*/
  tt only: main "value" -> value: ttRenamePlaceholder

