differences from match_tuple_topLevel_using at the questions listed in tests/editor-matrix-differences.txt

=== completions /*use*/ main.tt:7:123 ===
  | const top0 = match (note("operand", input), note<Speed>("second", Speed.Fast)) { (Circle(r), Fast) => note("fast circle", r), (Rect(w), _) => note("rect", w), (_, Slow) => note("slow", 0), (Circle | Point, _) => note("rest", -1) };
  |                                                                                                                           ^ /*use*/
  tt only: abstract (Keyword)
  tt only: any (Keyword)
  tt only: asserts (Keyword)
  tt only: bigint (Keyword)
  tt only: boolean (Keyword)
  tt only: declare (Keyword)
  tt only: infer (Keyword)
  tt only: keyof (Keyword)
  tt only: module (Keyword)
  tt only: namespace (Keyword)
  tt only: never (Keyword)
  tt only: number (Keyword)
  tt only: object (Keyword)
  tt only: readonly (Keyword)
  tt only: string (Keyword)
  tt only: symbol (Keyword)
  tt only: unique (Keyword)
  tt only: unknown (Keyword)

=== completions /*use2*/ main.tt:7:156 ===
  | const top0 = match (note("operand", input), note<Speed>("second", Speed.Fast)) { (Circle(r), Fast) => note("fast circle", r), (Rect(w), _) => note("rect", w), (_, Slow) => note("slow", 0), (Circle | Point, _) => note("rest", -1) };
  |                                                                                                                                                            ^ /*use2*/
  tt only: abstract (Keyword)
  tt only: any (Keyword)
  tt only: asserts (Keyword)
  tt only: bigint (Keyword)
  tt only: boolean (Keyword)
  tt only: declare (Keyword)
  tt only: infer (Keyword)
  tt only: keyof (Keyword)
  tt only: module (Keyword)
  tt only: namespace (Keyword)
  tt only: never (Keyword)
  tt only: number (Keyword)
  tt only: object (Keyword)
  tt only: readonly (Keyword)
  tt only: string (Keyword)
  tt only: symbol (Keyword)
  tt only: unique (Keyword)
  tt only: unknown (Keyword)

