differences from match_booleanLiterals_declarationInitializer_yield at the questions listed in tests/editor-matrix-differences.txt

=== completions /*operand*/ main.tt:4:31 ===
  |   const value = match ((yield input)) { true => note("yes", 1), false => note("no", 0) };
  |                               ^ /*operand*/
  tt only: value (Variable)

