differences from match_orPattern_matchArm_spread at the questions listed in tests/editor-matrix-differences.txt

=== definition /*use*/ main.tt:5:105 ===
  |   return match (flip()) { true => match (first(...[input])) { Num(value) | Neg(value) => note("number", value), Word(text) => note("word", text), End => note("end", "") }, false => note("other arm", 0) };
  |                                                                                                         ^ /*use*/
  tt only: main "value"

=== rename /*bind*/ main.tt:5:67 ===
  |   return match (flip()) { true => match (first(...[input])) { Num(value) | Neg(value) => note("number", value), Word(text) => note("word", text), End => note("end", "") }, false => note("other arm", 0) };
  |                                                                   ^ /*bind*/
  tt only: main "value" -> value: ttRenamePlaceholder

