differences from match_guards_topLevel_spread at the questions listed in tests/editor-matrix-differences.txt

=== completions /*operand*/ main.tt:5:31 ===
  | const top0 = match (first(...[input])) { Circle(r) if note("guard big", r > 2) => note("big", r), Circle(r) => note("small", r), Rect(w, h) if note("guard wide", w > h) => note("wide", w), Rect(w, h) => note("tall", h), Point => note("point", 0) };
  |                               ^ /*operand*/
  tt only: top0 (Variable)

=== completions /*use*/ main.tt:5:73 ===
  | const top0 = match (first(...[input])) { Circle(r) if note("guard big", r > 2) => note("big", r), Circle(r) => note("small", r), Rect(w, h) if note("guard wide", w > h) => note("wide", w), Rect(w, h) => note("tall", h), Point => note("point", 0) };
  |                                                                         ^ /*use*/
  tt only: abstract (Keyword)
  tt only: any (Keyword)
  tt only: asserts (Keyword)
  tt only: bigint (Keyword)
  tt only: boolean (Keyword)
  tt only: declare (Keyword)
  tt only: infer (Keyword)
  tt only: keyof (Keyword)
  tt only: module (Keyword)
  tt only: namespace (Keyword)
  tt only: never (Keyword)
  tt only: number (Keyword)
  tt only: object (Keyword)
  tt only: readonly (Keyword)
  tt only: string (Keyword)
  tt only: symbol (Keyword)
  tt only: unique (Keyword)
  tt only: unknown (Keyword)

=== completions /*use2*/ main.tt:5:95 ===
  | const top0 = match (first(...[input])) { Circle(r) if note("guard big", r > 2) => note("big", r), Circle(r) => note("small", r), Rect(w, h) if note("guard wide", w > h) => note("wide", w), Rect(w, h) => note("tall", h), Point => note("point", 0) };
  |                                                                                               ^ /*use2*/
  tt only: abstract (Keyword)
  tt only: any (Keyword)
  tt only: asserts (Keyword)
  tt only: bigint (Keyword)
  tt only: boolean (Keyword)
  tt only: declare (Keyword)
  tt only: infer (Keyword)
  tt only: keyof (Keyword)
  tt only: module (Keyword)
  tt only: namespace (Keyword)
  tt only: never (Keyword)
  tt only: number (Keyword)
  tt only: object (Keyword)
  tt only: readonly (Keyword)
  tt only: string (Keyword)
  tt only: symbol (Keyword)
  tt only: unique (Keyword)
  tt only: unknown (Keyword)

