differences from match_stringLiterals_awaitOperand_plain at the questions listed in tests/editor-matrix-differences.txt

=== diagnostics main.tt ===
  ts only: main "await ((t0 = note(\"operand\", input), t0 === \"north\" ? note(\"n\", 1) : t0 === \"south\" || t0 === \"east\" ? note(\"se\", 2) : note(\"other\", 0)))" hint TS80007: 'await' has no effect on the type of this expression.

