differences from match_fieldAlias_awaitOperand_spread at the questions listed in tests/editor-matrix-differences.txt

=== diagnostics main.tt ===
  ts only: main "await (((t0: Shape) => { if (t0.kind === \"Rect\") { const { h: tall, w: wide } = t0; return note(\"rect\", [wide, tall]); } if (t0.kind === \"Circle\") { const { r: radius } = t0; return note(\"circle\", radius); } return note(\"point\", null); })(first(...[input])))" hint TS80007: 'await' has no effect on the type of this expression.

