differences from match_blockArm_declarationInitializer_plain at the questions listed in tests/editor-matrix-differences.txt

=== completions /*operand*/ main.tt:5:40 ===
  |   const value = match (note("operand", input)) { Rect(w, h) => { const area = note("area", w * h); if (area > 10) { return note("large", area); } return note("small", area); }, _ => note("other", 0) };
  |                                        ^ /*operand*/
  tt only: value (Variable)

