differences from letElse_orPattern_constructorBody_spread at the questions listed in tests/editor-matrix-differences.txt

=== rename /*bind*/ main.tt:8:17 ===
  |       const Num(value) | Neg(value) = first(...[input]) else { throw new Error("diverged"); };
  |                 ^ /*bind*/
  tt only: main "value" -> value: ttRenamePlaceholder

