differences from letElse_orPattern_componentBody_finally at the questions listed in tests/editor-matrix-differences.txt

=== rename /*bind*/ main.ttx:8:17 ===
  |       const Num(value) | Neg(value) = note("operand", input) else { return <p>diverged</p>; };
  |                 ^ /*bind*/
  tt only: main "value" -> value: ttRenamePlaceholder

