differences from letElse_orPattern_catchBlock_using at the questions listed in tests/editor-matrix-differences.txt

=== rename /*bind*/ main.tt:9:15 ===
  |     const Num(value) | Neg(value) = note("operand", input) else { return "diverged"; };
  |               ^ /*bind*/
  tt only: main "value" -> value: ttRenamePlaceholder

=== semanticTokens main.tt ===
  tt only: /*bind*/ variable []
  ts only: /*bind*/ variable [declaration, local, readonly]

