differences from letElse_orPattern_functionBody_optionalChain at the questions listed in tests/editor-matrix-differences.txt

=== rename /*bind*/ main.tt:5:13 ===
  |   const Num(value) | Neg(value) = box(input)?.inner.value! else { return "diverged"; };
  |             ^ /*bind*/
  tt only: main "value" -> value: ttRenamePlaceholder

