differences from flow_firstStepExpression_returnOperand_yield at the questions listed in tests/editor-matrix-differences.txt

=== hover /*call2*/ main.tt:4:42 ===
  |   return flow |> adder((yield input)) |> String;
  |                                          ^ /*call2*/
  tt only: var String: StringConstructor
  ts only: var String: (value?: any) => string

=== definition /*call2*/ main.tt:4:42 ===
  |   return flow |> adder((yield input)) |> String;
  |                                          ^ /*call2*/
  ts only: <external>/lib.es5.d.ts 534:5-534:27

