differences from flow_overloadedLater_declarationInitializer_yield at the questions listed in tests/editor-matrix-differences.txt

=== hover /*call*/ main.tt:4:49 ===
  |   const value = flow |> adder((yield input)) |> shape;
  |                                                 ^ /*call*/
  tt only: (alias) function shape(s: string): number

