differences from flow_genericLater_logicalAnd_yield at the questions listed in tests/editor-matrix-differences.txt

=== hover /*call*/ main.tt:4:53 ===
  |   return flip() && (flow |> adder((yield input)) |> keep);
  |                                                     ^ /*call*/
  tt only: (alias) function keep<T>(value: T): T
  ts only: (alias) function keep<number>(value: number): number

