differences from flow_overloadedLater_matchArm_spread at the questions listed in tests/editor-matrix-differences.txt

=== hover /*call*/ main.tt:4:71 ===
  |   return match (flip()) { true => flow |> adder(first(...[input])) |> shape, false => note("other arm", 0) };
  |                                                                       ^ /*call*/
  tt only: (alias) function shape(s: string): number

