differences from flow_twoSteps_awaitOperand_optionalChain at the questions listed in tests/editor-matrix-differences.txt

=== diagnostics main.tt ===
  ts only: main "await (((second: (n: number) => number) => (v: number) => second(double(v)))(adder(box(input)?.inner.value!)))" hint TS80007: 'await' has no effect on the type of this expression.

