differences from flow_overloadedLater_returnOperand_await at the questions listed in tests/editor-matrix-differences.txt

=== hover /*call*/ main.tt:4:47 ===
  |   return flow |> adder(await later(input)) |> shape;
  |                                               ^ /*call*/
  tt only: (alias) function shape(s: string): number

