differences from flow_overloadedLater_ifLetBody_optionalChain at the questions listed in tests/editor-matrix-differences.txt

=== hover /*call*/ main.tt:5:59 ===
  |     return [n, flow |> adder(box(input)?.inner.value!) |> shape];
  |                                                           ^ /*call*/
  tt only: (alias) function shape(s: string): number

