differences from flow_genericLater_callArgument_exception at the questions listed in tests/editor-matrix-differences.txt

=== hover /*call*/ main.tt:5:62 ===
  |     return pack(note("a", 1), flow |> adder(risky(input)) |> keep, note("c", 3));
  |                                                              ^ /*call*/
  tt only: (alias) function keep<T>(value: T): T
  ts only: (alias) function keep<number>(value: number): number

