differences from flow_genericLater_nullish_finally at the questions listed in tests/editor-matrix-differences.txt

=== hover /*call*/ main.tt:5:95 ===
  |     return (flip() ? null : note("left", "set")) ?? (flow |> adder(note("operand", input)) |> keep);
  |                                                                                               ^ /*call*/
  tt only: (alias) function keep<T>(value: T): T
  ts only: (alias) function keep<number>(value: number): number

