differences from ifLet_orPattern_catchBlock_optionalChain at the questions listed in tests/editor-matrix-differences.txt

=== rename /*bind*/ main.tt:9:16 ===
  |     if let Num(value) | Neg(value) = box(input)?.inner.value! { seen = note("number", value); }
  |                ^ /*bind*/
  tt only: main "value" -> value: ttRenamePlaceholder

=== definition /*use*/ main.tt:9:87 ===
  |     if let Num(value) | Neg(value) = box(input)?.inner.value! { seen = note("number", value); }
  |                                                                                       ^ /*use*/
  tt only: main "value"

