differences from ifLet_orPattern_componentBody_exception at the questions listed in tests/editor-matrix-differences.txt

=== definition /*use*/ main.ttx:9:77 ===
  |       if let Num(value) | Neg(value) = risky(input) { seen = note("number", value); }
  |                                                                             ^ /*use*/
  tt only: main "value"

=== rename /*bind*/ main.ttx:9:18 ===
  |       if let Num(value) | Neg(value) = risky(input) { seen = note("number", value); }
  |                  ^ /*bind*/
  tt only: main "value" -> value: ttRenamePlaceholder

=== semanticTokens main.ttx ===
  tt only: /*bind*/ variable []
  ts only: /*bind*/ variable [declaration, local, readonly]

