differences from ifLet_orPattern_constructorBody_plain at the questions listed in tests/editor-matrix-differences.txt

=== rename /*bind*/ main.tt:9:18 ===
  |       if let Num(value) | Neg(value) = note("operand", input) { seen = note("number", value); }
  |                  ^ /*bind*/
  tt only: main "value" -> value: ttRenamePlaceholder

=== definition /*use*/ main.tt:9:87 ===
  |       if let Num(value) | Neg(value) = note("operand", input) { seen = note("number", value); }
  |                                                                                       ^ /*use*/
  tt only: main "value"

=== semanticTokens main.tt ===
  tt only: /*bind*/ variable []
  ts only: /*bind*/ variable [declaration, local, readonly]

