differences from ifLet_orPattern_functionBody_optionalChain at the questions listed in tests/editor-matrix-differences.txt

=== rename /*bind*/ main.tt:6:14 ===
  |   if let Num(value) | Neg(value) = box(input)?.inner.value! { seen = note("number", value); }
  |              ^ /*bind*/
  tt only: main "value" -> value: ttRenamePlaceholder

=== definition /*use*/ main.tt:6:85 ===
  |   if let Num(value) | Neg(value) = box(input)?.inner.value! { seen = note("number", value); }
  |                                                                                     ^ /*use*/
  tt only: main "value"

=== semanticTokens main.tt ===
  tt only: /*bind*/ variable []
  ts only: /*bind*/ variable [declaration, local, readonly]

