differences from variant_exported_topLevel_optionalChain at the questions listed in tests/editor-matrix-differences.txt

=== signatureHelp /*arg*/ main.tt:5:24 ===
  | const seen = [Pub.Item(box(input)?.inner.value!)];
  |                        ^ /*arg*/
  tt only: Item(n: number): { kind: "Item"; n: number; } [n: number]
  ts only: Item(n: number): Pub [n: number]

