differences from tryStatement_declaration_whileBody_using at the questions listed in tests/editor-matrix-differences.txt

=== completions /*operand*/ main.tt:8:46 ===
  |     const checked = try read(note("operand", input));
  |                                              ^ /*operand*/
  tt only: checked (Variable)

