differences from tryStatement_declaration_arrowBlock_spread at the questions listed in tests/editor-matrix-differences.txt

=== completions /*operand*/ main.tt:6:40 ===
  |     const checked = try read(first(...[input]));
  |                                        ^ /*operand*/
  tt only: checked (Variable)

