differences from tryStatement_declaration_matchBlockArm_finally at the questions listed in tests/editor-matrix-differences.txt

=== completions /*operand*/ main.tt:8:50 ===
  |         const checked = try read(note("operand", input));
  |                                                  ^ /*operand*/
  tt only: checked (Variable)

