differences from tryStatement_declaration_labeledBlock_finally at the questions listed in tests/editor-matrix-differences.txt

=== completions /*operand*/ main.tt:8:48 ===
  |       const checked = try read(note("operand", input));
  |                                                ^ /*operand*/
  tt only: checked (Variable)

