differences from tryStatement_declaration_forOfBody_exception at the questions listed in tests/editor-matrix-differences.txt

=== completions /*operand*/ main.tt:9:38 ===
  |       const checked = try read(risky(input));
  |                                      ^ /*operand*/
  tt only: checked (Variable)

