=== completions /*body*/ armBodyCompletion.tt:6:20 ===
  |     Rect(width) => 
  |                    ^ /*body*/
completion: 1048 item(s), member false, probe yes
  Shape (var, 11)
  a (var, 11)
  arguments (var, 11)
  b (var, 11)
  g (function, 11)
  limit (var, 11)
  s (var, 11)
  width (var, 11)
  ... 1040 global or keyword item(s) (sortText 15, no source)
ttCompletions: pattern false, member null
  keywords: match (15), flow (15), result (15)
patternCompletions: null
editor completion: 1051 item(s)
  Shape (Variable, 211)
  a (Variable, 211)
  arguments (Variable, 211)
  b (Variable, 211)
  g (Function, 211)
  limit (Variable, 211)
  s (Variable, 211)
  width (Variable, 211)
  ... 1043 global or keyword item(s) (sortText 215, no source)

=== completions /*afterComma*/ armBodyCompletion.tt:10:20 ===
  |     Rect(width) => ,
  |                    ^ /*afterComma*/
completion: 1048 item(s), member false, probe yes
  Shape (var, 11)
  a (var, 11)
  arguments (var, 11)
  b (var, 11)
  g (function, 11)
  limit (var, 11)
  s (var, 11)
  width (var, 11)
  ... 1040 global or keyword item(s) (sortText 15, no source)
ttCompletions: pattern false, member null
  keywords: match (15), flow (15), result (15)
patternCompletions: null
editor completion: 1051 item(s)
  Shape (Variable, 211)
  a (Variable, 211)
  arguments (Variable, 211)
  b (Variable, 211)
  g (Function, 211)
  limit (Variable, 211)
  s (Variable, 211)
  width (Variable, 211)
  ... 1043 global or keyword item(s) (sortText 215, no source)

=== parity with the TypeScript twin ===
completions body: same
completions afterComma: same

