=== completions /*typed*/ main.tt:1:22 ===
  | export const z = kkVa;
  |                      ^ /*typed*/
completion: 1061 item(s), member false, probe no
  z (Variable, 11)
  kkValue (Variable, 16) from "./shapes.tt" source "./shapes.tt"
  kkValueLib (Variable, 16) from "./lib" source "./lib"
  ... 1058 global or keyword item(s) (sortText 15, no source)
ttCompletions: pattern false, member null
  keywords: match (15), flow (15), result (15)
patternCompletions: null
editor completion: 1064 item(s)
  z (Variable, 211)
  kkValue (Variable, 216)
  kkValueLib (Variable, 216)
  ... 1061 global or keyword item(s) (sortText 215, no source)

