=== completions /*topScrutinee*/ completionOwnInitializer.tt:8:27 ===
  | export const top = match (input) { 1 => 1, _ => 0 };
  |                           ^ /*topScrutinee*/
completion: 1065 item(s), member false, probe no
  Box (Variable, 11)
  box (Variable, 11)
  f (Function, 11)
  g (Function, 11)
  input (Variable, 11)
  read (Function, 11)
  top (Variable, 11)
  xs (Variable, 11)
  ... 1057 global or keyword item(s) (sortText 15, no source)
ttCompletions: pattern false, member null
  keywords: match (15), flow (15), result (15)
patternCompletions: null
editor completion: 1068 item(s)
  Box (Variable, 211)
  box (Variable, 211)
  f (Function, 211)
  g (Function, 211)
  input (Variable, 211)
  read (Function, 211)
  top (Variable, 211)
  xs (Variable, 211)
  ... 1060 global or keyword item(s) (sortText 215, no source)

=== completions /*scrutinee*/ completionOwnInitializer.tt:10:24 ===
  |   const value = match (input) { _ => 1 };
  |                        ^ /*scrutinee*/
completion: 1053 item(s), member false, probe no
  Box (Variable, 11)
  arguments (Variable, 11)
  box (Variable, 11)
  f (Function, 11)
  g (Function, 11)
  input (Variable, 11)
  mapped (Variable, 11)
  n (Variable, 11)
  r (Variable, 11)
  read (Function, 11)
  same (Variable, 11)
  t (Variable, 11)
  top (Variable, 11)
  xs (Variable, 11)
  ... 1039 global or keyword item(s) (sortText 15, no source)
ttCompletions: pattern false, member null
  keywords: match (15), flow (15), result (15)
patternCompletions: null
editor completion: 1056 item(s)
  Box (Variable, 211)
  arguments (Variable, 211)
  box (Variable, 211)
  f (Function, 211)
  g (Function, 211)
  input (Variable, 211)
  mapped (Variable, 211)
  n (Variable, 211)
  r (Variable, 211)
  read (Function, 211)
  same (Variable, 211)
  t (Variable, 211)
  top (Variable, 211)
  xs (Variable, 211)
  ... 1042 global or keyword item(s) (sortText 215, no source)

=== completions /*shadow*/ completionOwnInitializer.tt:11:44 ===
  |   const same = match (box) { Full(same) => same, Empty => 0 };
  |                                            ^ /*shadow*/
completion: 1054 item(s), member false, probe no
  Box (Variable, 11)
  arguments (Variable, 11)
  box (Variable, 11)
  f (Function, 11)
  g (Function, 11)
  input (Variable, 11)
  mapped (Variable, 11)
  n (Variable, 11)
  r (Variable, 11)
  read (Function, 11)
  same (Variable, 11)
  t (Variable, 11)
  top (Variable, 11)
  value (Variable, 11)
  xs (Variable, 11)
  ... 1039 global or keyword item(s) (sortText 15, no source)
ttCompletions: pattern false, member null
  keywords: match (15), flow (15), result (15)
patternCompletions: null
editor completion: 1057 item(s)
  Box (Variable, 211)
  arguments (Variable, 211)
  box (Variable, 211)
  f (Function, 211)
  g (Function, 211)
  input (Variable, 211)
  mapped (Variable, 211)
  n (Variable, 211)
  r (Variable, 211)
  read (Function, 211)
  same (Variable, 211)
  t (Variable, 211)
  top (Variable, 211)
  value (Variable, 211)
  xs (Variable, 211)
  ... 1042 global or keyword item(s) (sortText 215, no source)

=== completions /*inArrow*/ completionOwnInitializer.tt:12:39 ===
  |   const mapped = match (xs.map((x) => x)) { _ => 1 };
  |                                       ^ /*inArrow*/
completion: 1055 item(s), member false, probe no
  Box (Variable, 11)
  arguments (Variable, 11)
  box (Variable, 11)
  f (Function, 11)
  g (Function, 11)
  input (Variable, 11)
  mapped (Variable, 11)
  n (Variable, 11)
  r (Variable, 11)
  read (Function, 11)
  same (Variable, 11)
  t (Variable, 11)
  top (Variable, 11)
  value (Variable, 11)
  x (Variable, 11)
  xs (Variable, 11)
  ... 1039 global or keyword item(s) (sortText 15, no source)
ttCompletions: pattern false, member null
  keywords: match (15), flow (15), result (15)
patternCompletions: null
editor completion: 1058 item(s)
  Box (Variable, 211)
  arguments (Variable, 211)
  box (Variable, 211)
  f (Function, 211)
  g (Function, 211)
  input (Variable, 211)
  mapped (Variable, 211)
  n (Variable, 211)
  r (Variable, 211)
  read (Function, 211)
  same (Variable, 211)
  t (Variable, 211)
  top (Variable, 211)
  value (Variable, 211)
  x (Variable, 211)
  xs (Variable, 211)
  ... 1042 global or keyword item(s) (sortText 215, no source)

=== completions /*valueTry*/ completionOwnInitializer.tt:13:24 ===
  |   const t = f(try read(input));
  |                        ^ /*valueTry*/
completion: 1053 item(s), member false, probe no
  Box (Variable, 11)
  arguments (Variable, 11)
  box (Variable, 11)
  f (Function, 11)
  g (Function, 11)
  input (Variable, 11)
  mapped (Variable, 11)
  n (Variable, 11)
  r (Variable, 11)
  read (Function, 11)
  same (Variable, 11)
  top (Variable, 11)
  value (Variable, 11)
  xs (Variable, 11)
  ... 1039 global or keyword item(s) (sortText 15, no source)
ttCompletions: pattern false, member null
  keywords: match (15), flow (15), result (15)
patternCompletions: null
editor completion: 1056 item(s)
  Box (Variable, 211)
  arguments (Variable, 211)
  box (Variable, 211)
  f (Function, 211)
  g (Function, 211)
  input (Variable, 211)
  mapped (Variable, 211)
  n (Variable, 211)
  r (Variable, 211)
  read (Function, 211)
  same (Variable, 211)
  top (Variable, 211)
  value (Variable, 211)
  xs (Variable, 211)
  ... 1042 global or keyword item(s) (sortText 215, no source)

=== completions /*statementTry*/ completionOwnInitializer.tt:14:22 ===
  |   const n = try read(input);
  |                      ^ /*statementTry*/
completion: 1053 item(s), member false, probe no
  Box (Variable, 11)
  arguments (Variable, 11)
  box (Variable, 11)
  f (Function, 11)
  g (Function, 11)
  input (Variable, 11)
  mapped (Variable, 11)
  r (Variable, 11)
  read (Function, 11)
  same (Variable, 11)
  t (Variable, 11)
  top (Variable, 11)
  value (Variable, 11)
  xs (Variable, 11)
  ... 1039 global or keyword item(s) (sortText 15, no source)
ttCompletions: pattern false, member null
  keywords: match (15), flow (15), result (15)
patternCompletions: null
editor completion: 1056 item(s)
  Box (Variable, 211)
  arguments (Variable, 211)
  box (Variable, 211)
  f (Function, 211)
  g (Function, 211)
  input (Variable, 211)
  mapped (Variable, 211)
  r (Variable, 211)
  read (Function, 211)
  same (Variable, 211)
  t (Variable, 211)
  top (Variable, 211)
  value (Variable, 211)
  xs (Variable, 211)
  ... 1042 global or keyword item(s) (sortText 215, no source)

=== completions /*inResult*/ completionOwnInitializer.tt:16:24 ===
  |     const k = try read(input);
  |                        ^ /*inResult*/
completion: 1054 item(s), member false, probe no
  Box (Variable, 11)
  arguments (Variable, 11)
  box (Variable, 11)
  f (Function, 11)
  g (Function, 11)
  input (Variable, 11)
  mapped (Variable, 11)
  n (Variable, 11)
  r (Variable, 11)
  read (Function, 11)
  same (Variable, 11)
  t (Variable, 11)
  top (Variable, 11)
  value (Variable, 11)
  xs (Variable, 11)
  ... 1039 global or keyword item(s) (sortText 15, no source)
ttCompletions: pattern false, member null
  keywords: match (15), flow (15), result (15)
patternCompletions: null
editor completion: 1057 item(s)
  Box (Variable, 211)
  arguments (Variable, 211)
  box (Variable, 211)
  f (Function, 211)
  g (Function, 211)
  input (Variable, 211)
  mapped (Variable, 211)
  n (Variable, 211)
  r (Variable, 211)
  read (Function, 211)
  same (Variable, 211)
  t (Variable, 211)
  top (Variable, 211)
  value (Variable, 211)
  xs (Variable, 211)
  ... 1042 global or keyword item(s) (sortText 215, no source)

=== completions /*resultReturn*/ completionOwnInitializer.tt:17:33 ===
  |     return { kind: "Ok", value: k };
  |                                 ^ /*resultReturn*/
completion: 1055 item(s), member false, probe no
  Box (Variable, 11)
  arguments (Variable, 11)
  box (Variable, 11)
  f (Function, 11)
  g (Function, 11)
  input (Variable, 11)
  k (Variable, 11)
  mapped (Variable, 11)
  n (Variable, 11)
  r (Variable, 11)
  read (Function, 11)
  same (Variable, 11)
  t (Variable, 11)
  top (Variable, 11)
  value (Variable, 11)
  xs (Variable, 11)
  ... 1039 global or keyword item(s) (sortText 15, no source)
ttCompletions: pattern false, member null
  keywords: match (15), flow (15), result (15)
patternCompletions: null
editor completion: 1058 item(s)
  Box (Variable, 211)
  arguments (Variable, 211)
  box (Variable, 211)
  f (Function, 211)
  g (Function, 211)
  input (Variable, 211)
  k (Variable, 211)
  mapped (Variable, 211)
  n (Variable, 211)
  r (Variable, 211)
  read (Function, 211)
  same (Variable, 211)
  t (Variable, 211)
  top (Variable, 211)
  value (Variable, 211)
  xs (Variable, 211)
  ... 1042 global or keyword item(s) (sortText 215, no source)

