=== completions /*specifier*/ main.tt:1:25 ===
  | import { kk } from "./sh";
  |                         ^ /*specifier*/
completion: 5 item(s), member false, probe no
  lib (script, 11)
  node_modules (directory, 11)
  shapes.tt (script, 11)
  tsconfig.json (script, 11)
  view.ttx (script, 11)
ttCompletions: pattern false, member null
patternCompletions: null
editor completion: 5 item(s)
  lib (File, 211)
  node_modules (Folder, 211)
  shapes.tt (File, 211)
  tsconfig.json (File, 211)
  view.ttx (File, 211)

