=== diagnostics main.tt ===
diagnostics: 2 diagnostic(s)
  1:10-1:14 "note" hint TS6133: 'note' is declared but its value is never read. [unnecessary]
  3:16-3:21 "input" hint TS6133: 'input' is declared but its value is never read. [unnecessary]
published: 3 diagnostic(s)
  1:10-1:14 "note" hint TS6133 (ts): 'note' is declared but its value is never read. [unnecessary]
  3:16-3:21 "input" hint TS6133 (ts): 'input' is declared but its value is never read. [unnecessary]
  4:52-4:55 "`1`" error malformed-pipeline-postfix (ttc): pipeline: invalid optional postfix tail

