=== diagnostics main.tt ===
diagnostics: 2 diagnostic(s)
  5:57-5:58 "r" error TS2339: Property 'r' does not exist on type '{ kind: "Circle"; r: number; } | { kind: "Rect"; w: number; h: number; }'. (in tt's names: Property 'r' does not exist on type 'Shape.Circle | Shape.Rect'.)
  5:57-5:58 "r" hint TS6133: 'r' is declared but its value is never read. [unnecessary]
published: 3 diagnostic(s)
  5:57-5:58 "r" hint TS6133 (ts): 'r' is declared but its value is never read. [unnecessary]
  5:57-5:58 "r" error ts2339 (ttc): Property 'r' does not exist on type '{ kind: "Circle"; r: number; } | { kind: "Rect"; w: number; h: number; }'. (in tt's names: Property 'r' does not exist on type 'Shape.Circle | Shape.Rect'.)
  5:62-5:66 "Rect" error match-or-binding-mismatch (ttc): match: or-pattern alternatives must bind the same names — `r` is bound in `Circle(...)` but not in `Rect(...)`

