=== diagnostics main.ttx ===
diagnostics: 2 diagnostic(s)
  5:27-5:57 "match (note(\"operand\", input))" error TS2339: match on a tag pattern needs a value with a `kind` discriminant — this scrutinee has none (a plain TypeScript `enum` is not one) (in tt's names: Property 'r' does not exist on type 'Shape.Circle | Shape.Rect'.) (ts2339: Property 'r' does not exist on type '{ kind: "Circle"; r: number; } | { kind: "Rect"; w: number; h: number; }'.)
  1:32-1:40 "Fragment" hint TS6133: 'Fragment' is declared but its value is never read. [unnecessary]
published: 3 diagnostic(s)
  1:32-1:40 "Fragment" hint TS6133 (ts): 'Fragment' is declared but its value is never read. [unnecessary]
  5:27-5:57 "match (note(\"operand\", input))" error ts2339 (ttc): match on a tag pattern needs a value with a `kind` discriminant — this scrutinee has none (a plain TypeScript `enum` is not one) (in tt's names: Property 'r' does not exist on type 'Shape.Circle | Shape.Rect'.) (ts2339: Property 'r' does not exist on type '{ kind: "Circle"; r: number; } | { kind: "Rect"; w: number; h: number; }'.)
  5:72-5:76 "Rect" error match-or-binding-mismatch (ttc): match: or-pattern alternatives must bind the same names — `r` is bound in `Circle(...)` but not in `Rect(...)`

