=== diagnostics main.ttx ===
diagnostics: 1 diagnostic(s)
  1:32-1:40 "Fragment" hint TS6133: 'Fragment' is declared but its value is never read. [unnecessary]
published: 2 diagnostic(s)
  1:32-1:40 "Fragment" hint TS6133 (ts): 'Fragment' is declared but its value is never read. [unnecessary]
  4:27-4:32 "match" error match-is-wildcard-required (ttc): match: an `is` match requires a final wildcard arm `_`

