=== diagnostics main.ttx ===
diagnostics: 1 diagnostic(s)
  1:32-1:40 "Fragment" hint TS6133: 'Fragment' is declared but its value is never read. [unnecessary]
published: 2 diagnostic(s)
  1:32-1:40 "Fragment" hint TS6133 (ts): 'Fragment' is declared but its value is never read. [unnecessary]
  5:92-5:93 "1" error match-mixed-patterns (ttc): match: cannot mix tag patterns and literal patterns in the same match — the two compare different things (`$tt_m.kind` vs `$tt_m`)

