=== diagnostics main.ttx ===
diagnostics: 1 diagnostic(s)
  1:38-1:46 "Fragment" hint TS6133: 'Fragment' is declared but its value is never read. [unnecessary]
published: 2 diagnostic(s)
  1:38-1:46 "Fragment" hint TS6133 (ts): 'Fragment' is declared but its value is never read. [unnecessary]
  7:100-7:105 "break" error match-control-crossing (ttc): `break` cannot leave a match arm

