=== diagnostics matchAfterUnclosedJsxTag.ttx ===
diagnostics: 4 diagnostic(s)
  11:5-11:7 "</" error TS1003: Identifier expected.
  8:5-8:10 "<div>" error TS7026: JSX element implicitly has type 'any' because no interface 'JSX.IntrinsicElements' exists.
  11:5-11:11 "</div>" error TS7026: JSX element implicitly has type 'any' because no interface 'JSX.IntrinsicElements' exists.
  6:21-6:22 "s" hint TS6133: 's' is declared but its value is never read. [unnecessary]
published: 5 diagnostic(s)
  6:21-6:22 "s" hint TS6133 (ts): 's' is declared but its value is never read. [unnecessary]
  8:5-8:10 "<div>" error ts7026 (ttc): JSX element implicitly has type 'any' because no interface 'JSX.IntrinsicElements' exists.
  10:8-10:13 "match" error source-not-typescript (ttc): the TypeScript here does not parse: Expected '</', got '('. tt lowering models this file's TypeScript, so no output is emitted (`--no-verify` does not apply).
  11:5-11:7 "</" error ts1003 (ttc): Identifier expected.
  11:5-11:11 "</div>" error ts7026 (ttc): JSX element implicitly has type 'any' because no interface 'JSX.IntrinsicElements' exists.

