=== diagnostics main.ttx ===
diagnostics: 3 diagnostic(s)
  5:67-5:68 "r" error TS2339: Property 'r' does not exist on type '{ kind: "Circle"; r: number; } | { kind: "Rect"; w: number; h: number; }'. (in tt's names: Property 'r' does not exist on type 'Shape.Circle | Shape.Rect'.)
  1:32-1:40 "Fragment" hint TS6133: 'Fragment' is declared but its value is never read. [unnecessary]
  5:67-5:68 "r" hint TS6133: 'r' is declared but its value is never read. [unnecessary]
published: 4 diagnostic(s)
  1:32-1:40 "Fragment" hint TS6133 (ts): 'Fragment' is declared but its value is never read. [unnecessary]
  5:67-5:68 "r" hint TS6133 (ts): 'r' is declared but its value is never read. [unnecessary]
  5:67-5:68 "r" error ts2339 (ttc): Property 'r' does not exist on type '{ kind: "Circle"; r: number; } | { kind: "Rect"; w: number; h: number; }'. (in tt's names: Property 'r' does not exist on type 'Shape.Circle | Shape.Rect'.)
  5:72-5:76 "Rect" error match-or-binding-mismatch (ttc): match: or-pattern alternatives must bind the same names — `r` is bound in `Circle(...)` but not in `Rect(...)`

