=== completions /*alternative*/ orPatternArmCompletionCountsItsWrittenAlternatives.tt:3:39 ===
  | export const a = match (s) { Circle |  };
  |                                       ^ /*alternative*/
completion: 1062 item(s), member false, probe no
  Circle (Variable, 11)
  Shape (Variable, 11)
  a (Variable, 11)
  s (Variable, 11)
  ... 1058 global or keyword item(s) (sortText 15, no source)
ttCompletions: pattern true, member null
  Circle (case) "Shape.Circle(radius: number)" covered
  Rect (case) "Shape.Rect(width: number)"
  Point (case) "Shape.Point"
  _ (wildcard) "wildcard arm — every remaining case (must be last)"
patternCompletions:
  Circle (case) "Shape.Circle(radius: number)" covered
  Point (case) "Shape.Point"
  Rect (case) "Shape.Rect(width: number)"
  _ (wildcard) "wildcard arm — every remaining case (must be last)"
editor completion: 4 item(s)
  Point (EnumMember, 0Point)
  Rect (EnumMember, 0Rect)
  _ (Keyword, 0_)
  Circle (EnumMember, 1Circle)

