=== completions /*literal*/ patternCompletion.tt:5:39 ===
  |   const a = match (d) { "north" => 1,  };
  |                                       ^ /*literal*/
completion: 0 item(s), member false, probe no
ttCompletions: pattern true, member null
  _ (wildcard) "wildcard arm — every remaining case (must be last)"
patternCompletions:
  "north" (literal) "literal \"north\"" covered
  "south" (literal) "literal \"south\""
  _ (wildcard) "wildcard arm — every remaining case (must be last)"

=== completions /*tag*/ patternCompletion.tt:6:37 ===
  |   const b = match (k) { Alpha => 1,  };
  |                                     ^ /*tag*/
completion: 0 item(s), member false, probe no
ttCompletions: pattern true, member null
  _ (wildcard) "wildcard arm — every remaining case (must be last)"
patternCompletions:
  Alpha (case) "kind: \"Alpha\"" covered
  Beta (case) "kind: \"Beta\""
  _ (wildcard) "wildcard arm — every remaining case (must be last)"

=== completions /*field*/ patternCompletion.tt:7:31 ===
  |   const c = match (k) { Alpha() => 1, _ => 0 };
  |                               ^ /*field*/
completion: 2 item(s), member false, probe yes
  kind (property, 11)
  x (property, 11)
ttCompletions: pattern true, member null
patternCompletions:
  x (field) "x"

=== completions /*payload*/ patternCompletion.tt:8:32 ===
  |   const e = match (s) { Circle() => 1, _ => 0 };
  |                                ^ /*payload*/
completion: 2 item(s), member false, probe yes
  kind (property, 11)
  radius (property, 11)
ttCompletions: pattern true, member null
  radius (field) "radius: number"
patternCompletions:
  radius (field) "radius: number"

