=== completions /*ifLet*/ patternCompletionAfterAnIfLetPrefix.tt:4:11 ===
  |   if let G = s {}
  |           ^ /*ifLet*/
completion: 1044 item(s), member false, probe yes
  S (Variable, 11)
  arguments (Variable, 11)
  f (Function, 11)
  s (Variable, 11)
  ... 1040 global or keyword item(s) (sortText 15, no source)
ttCompletions: pattern true, member null
  Alpha (case) "S.Alpha(x: number, yy: string)"
  Beta (case) "S.Beta"
  Gamma (case) "S.Gamma(g?: number)"
  Some (case) "Option.Some(value: T)"
  None (case) "Option.None"
  Ok (case) "Result.Ok(value: T)"
  Err (case) "Result.Err(error: E)"
patternCompletions:
  Alpha (case) "S.Alpha(x: number, yy: string)"
  Beta (case) "S.Beta"
  Gamma (case) "S.Gamma(g?: number)"
editor completion: 3 item(s)
  Alpha (EnumMember, 0Alpha)
  Beta (EnumMember, 0Beta)
  Gamma (EnumMember, 0Gamma)

=== completions /*elseIfLet*/ patternCompletionAfterAnIfLetPrefix.tt:5:42 ===
  |   if (s.kind === "Beta") {} else if let G = s {}
  |                                          ^ /*elseIfLet*/
completion: 1044 item(s), member false, probe yes
  S (Variable, 11)
  arguments (Variable, 11)
  f (Function, 11)
  s (Variable, 11)
  ... 1040 global or keyword item(s) (sortText 15, no source)
ttCompletions: pattern true, member null
  Alpha (case) "S.Alpha(x: number, yy: string)"
  Beta (case) "S.Beta"
  Gamma (case) "S.Gamma(g?: number)"
  Some (case) "Option.Some(value: T)"
  None (case) "Option.None"
  Ok (case) "Result.Ok(value: T)"
  Err (case) "Result.Err(error: E)"
patternCompletions:
  Alpha (case) "S.Alpha(x: number, yy: string)"
  Gamma (case) "S.Gamma(g?: number)"
editor completion: 2 item(s)
  Alpha (EnumMember, 0Alpha)
  Gamma (EnumMember, 0Gamma)

