=== diagnostics main.ttx ===
diagnostics: 1 diagnostic(s)
  1:32-1:40 "Fragment" hint TS6133: 'Fragment' is declared but its value is never read. [unnecessary]
published: 2 diagnostic(s)
  1:32-1:40 "Fragment" hint TS6133 (ts): 'Fragment' is declared but its value is never read. [unnecessary]
  5:60-5:64 "Rect" error pattern-duplicate-binding (ttc): match: binding `w` is used more than once in this pattern

