=== hover /*prop*/ plainTsx.ttx:3:33 ===
  | export function Button(props: { label: string }) {
  |                                 ^ /*prop*/
hover: 3:33-3:38 "label"
    (property) label: string
ttSymbol: null

=== hover /*attribute*/ plainTsx.ttx:6:29 ===
  | export const view = <Button label="ok" />;
  |                             ^ /*attribute*/
hover: 6:29-6:34 "label"
    (property) label: string
ttSymbol: null

=== completions /*member*/ plainTsx.ttx:4:31 ===
  |   return <button label={props.label} onClick={() => console.log(props.label)} />;
  |                               ^ /*member*/
completion: 1 item(s), member true, probe no
  label (Field, 11)
ttCompletions: pattern false, member {"receiver":"props"}
patternCompletions: null
editor completion: 1 item(s)
  label (Field, 211)

=== references /*prop*/ plainTsx.ttx:3:33 ===
  | export function Button(props: { label: string }) {
  |                                 ^ /*prop*/
references: 4 location(s)
  plainTsx.ttx 3:33-3:38 "label" (definition)
  plainTsx.ttx 4:31-4:36 "label"
  plainTsx.ttx 4:71-4:76 "label"
  plainTsx.ttx 6:29-6:34 "label"

=== semanticTokens plainTsx.ttx ===
semanticTokens: 17 token(s)
  1:9-1:15 "global" namespace [declaration]
  1:28-1:31 "JSX" namespace [declaration]
  1:44-1:61 "IntrinsicElements" interface [declaration]
  1:64-1:70 "button" property [declaration]
  1:74-1:79 "label" property [declaration]
  1:90-1:97 "onClick" method [declaration]
  3:17-3:23 "Button" function [declaration]
  3:24-3:29 "props" parameter [declaration]
  3:33-3:38 "label" property [declaration]
  4:25-4:30 "props" parameter
  4:31-4:36 "label" property
  4:53-4:60 "console" variable [defaultLibrary]
  4:61-4:64 "log" method [defaultLibrary]
  4:65-4:70 "props" parameter
  4:71-4:76 "label" property
  6:14-6:18 "view" variable [declaration, readonly]
  7:7-7:13 "unused" variable [declaration, readonly]

=== diagnostics plainTsx.ttx ===
diagnostics: 2 diagnostic(s)
  7:24-7:29 "label" error TS2322: Type 'number' is not assignable to type 'string'.
    related 1:74-1:79 "label": The expected type comes from property 'label' which is declared here on type '{ label?: string | undefined; onClick?: (() => void) | undefined; }'
  7:7-7:13 "unused" hint TS6133: 'unused' is declared but its value is never read. [unnecessary]
published: 2 diagnostic(s)
  7:7-7:13 "unused" hint TS6133 (ts): 'unused' is declared but its value is never read. [unnecessary]
  7:24-7:29 "label" error ts2322 (ttc): type mismatch: expected `string | undefined`, found `number`
    related plainTsx.ttx 1:74-1:79 "label": The expected type comes from property 'label' which is declared here on type '{ label?: string | undefined; onClick?: (() => void) | undefined; }'

=== parity with the TypeScript twin ===
hover prop: same
hover attribute: same
completions member: same
references prop: same
semanticTokens plainTsx.ttx: same
diagnostics plainTsx.ttx: differs
  tt only: 7:24-7:29 "label" error TS2322: type mismatch: expected `string | undefined`, found `number`
  ts only: 7:24-7:29 "label" error TS2322: Type 'number' is not assignable to type 'string'.

