=== hover /*value*/ plainTypeScript.tt:6:7 ===
  | const origin: Point = { x: 0, y: 0 };
  |       ^ /*value*/
hover: 6:7-6:13 "origin"
    const origin: Point
ttSymbol: null

=== hover /*call*/ plainTypeScript.tt:7:18 ===
  | export const d = distance(origin, { x: 3, y: 4 });
  |                  ^ /*call*/
hover: 7:18-7:26 "distance"
    function distance(a: Point, b: Point): number
  documentation:
    The straight-line distance between two points.
ttSymbol: null

=== completions /*member*/ plainTypeScript.tt:8:29 ===
  | export const label = origin.x.toFixed(1);
  |                             ^ /*member*/
completion: 2 item(s), member true, probe no
  x (property, 11)
  y (property, 11)
ttCompletions: pattern false, member {"receiver":"origin"}
patternCompletions: null
editor completion: 2 item(s)
  x (Property, 211)
  y (Property, 211)

=== definition /*call*/ plainTypeScript.tt:7:18 ===
  | export const d = distance(origin, { x: 3, y: 4 });
  |                  ^ /*call*/
definition: 1 location(s)
  plainTypeScript.tt 3:17-3:25 "distance"

=== references /*decl*/ plainTypeScript.tt:3:17 ===
  | export function distance(a: Point, b: Point): number {
  |                 ^ /*decl*/
references: 2 location(s)
  plainTypeScript.tt 3:17-3:25 "distance" (definition)
  plainTypeScript.tt 7:18-7:26 "distance"

=== rename /*decl*/ plainTypeScript.tt:3:17 ===
  | export function distance(a: Point, b: Point): number {
  |                 ^ /*decl*/
prepareRename: 3:17-3:25 "distance"
rename: 2 edit(s)
  plainTypeScript.tt 3:17-3:25 "distance" -> "ttRenamePlaceholder"
  plainTypeScript.tt 7:18-7:26 "distance" -> "ttRenamePlaceholder"

=== signatureHelp /*args*/ plainTypeScript.tt:7:46 ===
  | export const d = distance(origin, { x: 3, y: 4 });
  |                                              ^ /*args*/
signatureHelp: active signature 0, active parameter 1
  distance(a: Point, b: Point): number
    parameters: a: Point | b: Point
    documentation:
        The straight-line distance between two points.

=== semanticTokens plainTypeScript.tt ===
semanticTokens: 32 token(s)
  1:11-1:16 "Point" interface [declaration]
  1:19-1:20 "x" property [declaration]
  1:30-1:31 "y" property [declaration]
  3:17-3:25 "distance" function [declaration]
  3:26-3:27 "a" parameter [declaration]
  3:29-3:34 "Point" interface
  3:36-3:37 "b" parameter [declaration]
  3:39-3:44 "Point" interface
  4:10-4:14 "Math" variable [defaultLibrary]
  4:15-4:20 "hypot" method [defaultLibrary]
  4:21-4:22 "a" parameter
  4:23-4:24 "x" property
  4:27-4:28 "b" parameter
  4:29-4:30 "x" property
  4:32-4:33 "a" parameter
  4:34-4:35 "y" property
  4:38-4:39 "b" parameter
  4:40-4:41 "y" property
  6:7-6:13 "origin" variable [declaration, readonly]
  6:15-6:20 "Point" interface
  6:25-6:26 "x" property [declaration]
  6:31-6:32 "y" property [declaration]
  7:14-7:15 "d" variable [declaration, readonly]
  7:18-7:26 "distance" function
  7:27-7:33 "origin" variable [readonly]
  7:37-7:38 "x" property [declaration]
  7:43-7:44 "y" property [declaration]
  8:14-8:19 "label" variable [declaration, readonly]
  8:22-8:28 "origin" variable [readonly]
  8:29-8:30 "x" property
  8:31-8:38 "toFixed" method [defaultLibrary]
  9:7-9:13 "unused" variable [declaration, readonly]

=== diagnostics plainTypeScript.tt ===
diagnostics: 2 diagnostic(s)
  9:7-9:13 "unused" error TS2322: Type 'number' is not assignable to type 'string'.
  9:7-9:13 "unused" hint TS6133: 'unused' is declared but its value is never read. [unnecessary]
published: 2 diagnostic(s)
  9:7-9:13 "unused" hint TS6133 (ts): 'unused' is declared but its value is never read. [unnecessary]
  9:24-9:25 "1" error ts2322 (ttc): type mismatch: expected `string`, found `1`

=== parity with the TypeScript twin ===
hover value: same
hover call: same
completions member: same
definition call: same
references decl: same
rename decl: same
signatureHelp args: same
semanticTokens plainTypeScript.tt: same
diagnostics plainTypeScript.tt: differs
  tt only: 9:24-9:25 "1" error TS2322: type mismatch: expected `string`, found `1`
  ts only: 9:7-9:13 "unused" error TS2322: Type 'number' is not assignable to type 'string'.

