=== diagnostics recoveryUnterminatedTemplateBeforeStatement.tt ===
diagnostics: 1 diagnostic(s)
  5:3-5:4 "c" error TS1109: Expression expected.
published: 2 diagnostic(s)
  4:14-4:15 "(" error source-not-typescript (ttc): the TypeScript here does not parse: unbalanced TypeScript delimiter. tt lowering models this file's TypeScript, so no output is emitted (`--no-verify` does not apply).
  5:3-5:4 "c" error ts1109 (ttc): Expression expected.

=== parity with the TypeScript twin ===
diagnostics recoveryUnterminatedTemplateBeforeStatement.tt: differs
  tt only: recoveryUnterminatedTemplateBeforeStatement "(" error TS"source-not-typescript": the TypeScript here does not parse: unbalanced TypeScript delimiter. tt lowering models this file's TypeScript, so no output is emitted (`--no-verify` does not apply).
  tt only: recoveryUnterminatedTemplateBeforeStatement "c" error TS1109: Expression expected.
  ts only: recoveryUnterminatedTemplateBeforeStatement "const" error TS1109: Expression expected.

