=== diagnostics recoveryTryOperandBeforeStatement.tt ===
diagnostics: 3 diagnostic(s)
  6:18-6:31 "try parseNum(" error TS1005: ')' expected. (in code ttc generated for this construct)
  6:22-6:30 "parseNum" error TS2554: Expected 1 arguments, but got 0.
    related 3:27-3:36 "x: string": An argument for 'x' was not provided.
  4:33-4:34 "b" hint TS6133: 'b' is declared but its value is never read. [unnecessary]
  restates: source-not-typescript
published: 3 diagnostic(s)
  4:33-4:34 "b" hint TS6133 (ts): 'b' is declared but its value is never read. [unnecessary]
  6:18-6:31 "try parseNum(" error ts1005 (ttc): ')' expected. (in code ttc generated for this construct)
  6:22-6:30 "parseNum" error ts2554 (ttc): Expected 1 arguments, but got 0.
    related recoveryTryOperandBeforeStatement.tt 3:27-3:36 "x: string": An argument for 'x' was not provided.

=== hover /*width*/ recoveryTryOperandBeforeStatement.tt:10:20 ===
  |   return Result.Ok(width * height);
  |                    ^ /*width*/
hover: 10:20-10:25 "width"
    const width: number
ttSymbol: null

=== parity with the TypeScript twin ===
diagnostics recoveryTryOperandBeforeStatement.tt: differs
  tt only: recoveryTryOperandBeforeStatement "parseNum" error TS2554: Expected 1 arguments, but got 0.
  tt only: recoveryTryOperandBeforeStatement "try parseNum(" error TS1005: ')' expected. (in code ttc generated for this construct)
  ts only: recoveryTryOperandBeforeStatement "\"@tt/std/result\"" error TS2307: Cannot find module '@tt/std/result' or its corresponding type declarations.
  ts only: recoveryTryOperandBeforeStatement "\"@tt/std\"" error TS2307: Cannot find module '@tt/std' or its corresponding type declarations.
  ts only: recoveryTryOperandBeforeStatement "height" error TS18046: 'height' is of type 'unknown'.
  ts only: recoveryTryOperandBeforeStatement "if" error TS1135: Argument expression expected.
  ts only: recoveryTryOperandBeforeStatement "width" error TS18046: 'width' is of type 'unknown'.
  ts only: recoveryTryOperandBeforeStatement /*width*/ "width" error TS18046: 'width' is of type 'unknown'.
hover width: differs
  tt only: const width: number
  ts only: const width: unknown

