=== diagnostics main.ttx ===
diagnostics: 1 diagnostic(s)
  1:38-1:46 "Fragment" hint TS6133: 'Fragment' is declared but its value is never read. [unnecessary]
published: 2 diagnostic(s)
  1:38-1:46 "Fragment" hint TS6133 (ts): 'Fragment' is declared but its value is never read. [unnecessary]
  4:47-4:79 "try read(note(\"operand\", input))" error try-crosses-value-region (ttc): `try` crosses an isolated value region whose exits cannot target the enclosing `result` block

