=== diagnostics main.tt ===
diagnostics: 0 diagnostic(s)
published: 1 diagnostic(s)
  5:3-5:6 "cfg" error val-mutation (ttc): cannot mutate through val binding `cfg` (the binding is declared with `val`, so every access path from it is read-only)
    related main.tt 4:3-4:6 "val": the read-only binding is declared here

