differences from pipeline_genericStep_matchArm_yield at the questions listed in tests/editor-matrix-differences.txt

=== hover /*call*/ main.tt:4:52 ===
  |   return match (flip()) { true => (yield input) |> keep |> double, false => note("other arm", 0) };
  |                                                    ^ /*call*/
  tt only: (alias) function keep<T>(value: T): T
  ts only: (alias) function keep<number>(value: number): number

