differences from pipeline_assertionThenStep_jsxComponentProp_using at the questions listed in tests/editor-matrix-differences.txt

=== hover /*call*/ main.ttx:5:49 ===
  |   return <Show value={note("operand", input) |> String as string |> .length} />;
  |                                                 ^ /*call*/
  tt only: var String: StringConstructor
  ts only: var String: (value?: any) => string

=== definition /*call*/ main.ttx:5:49 ===
  |   return <Show value={note("operand", input) |> String as string |> .length} />;
  |                                                 ^ /*call*/
  ts only: <external>/lib.es5.d.ts 534:5-534:27

