differences from pipeline_genericStep_jsxConditional_yield at the questions listed in tests/editor-matrix-differences.txt

=== hover /*call*/ main.ttx:4:42 ===
  |   return <p>{flip() && ((yield input) |> keep |> double)}</p>;
  |                                          ^ /*call*/
  tt only: (alias) function keep<T>(value: T): T
  ts only: (alias) function keep<number>(value: number): number

