differences from pipeline_chain_jsxConditional_optionalChain at the questions listed in tests/editor-matrix-differences.txt

=== hover /*call2*/ main.ttx:4:63 ===
  |   return <p>{flip() && (box(input)?.inner.value! |> double |> String |> .padStart(4, "*"))}</p>;
  |                                                               ^ /*call2*/
  tt only: var String: StringConstructor
  ts only: var String: (value?: any) => string

=== definition /*call2*/ main.ttx:4:63 ===
  |   return <p>{flip() && (box(input)?.inner.value! |> double |> String |> .padStart(4, "*"))}</p>;
  |                                                               ^ /*call2*/
  ts only: <external>/lib.es5.d.ts 534:5-534:27

