differences from pipeline_overloadedStep_method_await at the questions listed in tests/editor-matrix-differences.txt

=== hover /*call*/ main.tt:8:36 ===
  |       return await later(input) |> shape |> .length;
  |                                    ^ /*call*/
  tt only: (alias) function shape(s: string): number

