differences from pipeline_overloadedStep_jsxSpreadAttribute_exception at the questions listed in tests/editor-matrix-differences.txt

=== hover /*call*/ main.ttx:5:46 ===
  |     return <div {...{ value: risky(input) |> shape |> .length }} />;
  |                                              ^ /*call*/
  tt only: (alias) function shape(s: string): number

