differences from pipeline_postfixStep_callArgument_optionalChain at the questions listed in tests/editor-matrix-differences.txt

=== signatureHelp /*arg*/ main.tt:4:66 ===
  |   return pack(note("a", 1), box(input)?.inner.value! |> .toFixed(1), note("c", 3));
  |                                                                  ^ /*arg*/
  tt only: toFixed(fractionDigits?: number): string | undefined [fractionDigits?: number]
  ts only: toFixed(fractionDigits?: number): string [fractionDigits?: number]

