differences from pipeline_chain_matchArm_optionalChain at the questions listed in tests/editor-matrix-differences.txt

=== hover /*call2*/ main.tt:4:73 ===
  |   return match (flip()) { true => box(input)?.inner.value! |> double |> String |> .padStart(4, "*"), false => note("other arm", 0) };
  |                                                                         ^ /*call2*/
  tt only: var String: StringConstructor
  ts only: var String: (value?: any) => string

=== definition /*call2*/ main.tt:4:73 ===
  |   return match (flip()) { true => box(input)?.inner.value! |> double |> String |> .padStart(4, "*"), false => note("other arm", 0) };
  |                                                                         ^ /*call2*/
  ts only: <external>/lib.es5.d.ts 534:5-534:27

