differences from pipeline_chain_jsxFragment_exception at the questions listed in tests/editor-matrix-differences.txt

=== hover /*call2*/ main.ttx:5:62 ===
  |     return <>{note("before", "[")}{risky(input) |> double |> String |> .padStart(4, "*")}{note("after", "]")}</>;
  |                                                              ^ /*call2*/
  tt only: var String: StringConstructor
  ts only: var String: (value?: any) => string

=== definition /*call2*/ main.ttx:5:62 ===
  |     return <>{note("before", "[")}{risky(input) |> double |> String |> .padStart(4, "*")}{note("after", "]")}</>;
  |                                                              ^ /*call2*/
  ts only: <external>/lib.es5.d.ts 534:5-534:27

