differences from pipeline_overloadedStep_logicalAnd_spread at the questions listed in tests/editor-matrix-differences.txt

=== hover /*call*/ main.tt:4:42 ===
  |   return flip() && (first(...[input]) |> shape |> .length);
  |                                          ^ /*call*/
  tt only: (alias) function shape(s: string): number

