differences from pipeline_overloadedStep_declarationInitializer_finally at the questions listed in tests/editor-matrix-differences.txt

=== hover /*call*/ main.tt:5:45 ===
  |     const value = note("operand", input) |> shape |> .length;
  |                                             ^ /*call*/
  tt only: (alias) function shape(s: string): number

