differences from pipeline_assertionThenStep_templateLiteral_yield at the questions listed in tests/editor-matrix-differences.txt

=== hover /*call*/ main.tt:4:52 ===
  |   return `<${note("left", "L")}|${(yield input) |> String as string |> .length}|${note("right", "R")}>`;
  |                                                    ^ /*call*/
  tt only: var String: StringConstructor
  ts only: var String: (value?: any) => string

=== definition /*call*/ main.tt:4:52 ===
  |   return `<${note("left", "L")}|${(yield input) |> String as string |> .length}|${note("right", "R")}>`;
  |                                                    ^ /*call*/
  ts only: <external>/lib.es5.d.ts 534:5-534:27

