differences from pipeline_genericStep_topLevel_await at the questions listed in tests/editor-matrix-differences.txt

=== hover /*call*/ main.tt:4:36 ===
  | const top0 = await later(input) |> keep |> double;
  |                                    ^ /*call*/
  tt only: (alias) function keep<T>(value: T): T
  ts only: (alias) function keep<number>(value: number): number

