differences from pipeline_genericStep_jsxTernary_optionalChain at the questions listed in tests/editor-matrix-differences.txt

=== hover /*call*/ main.ttx:4:52 ===
  |   return <p>{flip() ? (box(input)?.inner.value! |> keep |> double) : <i>none</i>}</p>;
  |                                                    ^ /*call*/
  tt only: (alias) function keep<T>(value: T): T
  ts only: (alias) function keep<number>(value: number): number

