differences from pipeline_chain_jsxNested_using at the questions listed in tests/editor-matrix-differences.txt

=== hover /*call2*/ main.ttx:5:82 ===
  |   return <ul><li>{note("first", 1)}</li><li>{note("operand", input) |> double |> String |> .padStart(4, "*")}</li></ul>;
  |                                                                                  ^ /*call2*/
  tt only: var String: StringConstructor
  ts only: var String: (value?: any) => string

=== definition /*call2*/ main.ttx:5:82 ===
  |   return <ul><li>{note("first", 1)}</li><li>{note("operand", input) |> double |> String |> .padStart(4, "*")}</li></ul>;
  |                                                                                  ^ /*call2*/
  ts only: <external>/lib.es5.d.ts 534:5-534:27

