differences from pipeline_genericStep_objectProperty_await at the questions listed in tests/editor-matrix-differences.txt

=== hover /*call*/ main.tt:4:58 ===
  |   return { a: note("a", 1), value: await later(input) |> keep |> double, c: note("c", 3) };
  |                                                          ^ /*call*/
  tt only: (alias) function keep<T>(value: T): T
  ts only: (alias) function keep<number>(value: number): number

