differences from pipeline_chain_declarationInitializer_await at the questions listed in tests/editor-matrix-differences.txt

=== hover /*call2*/ main.tt:4:49 ===
  |   const value = await later(input) |> double |> String |> .padStart(4, "*");
  |                                                 ^ /*call2*/
  tt only: var String: StringConstructor
  ts only: var String: (value?: any) => string

=== definition /*call2*/ main.tt:4:49 ===
  |   const value = await later(input) |> double |> String |> .padStart(4, "*");
  |                                                 ^ /*call2*/
  ts only: <external>/lib.es5.d.ts 534:5-534:27

