differences from pipeline_stepAfterValue_awaitOperand_using at the questions listed in tests/editor-matrix-differences.txt

=== diagnostics main.tt ===
  ts only: main "await ((t0 = note(\"operand\", input), adder(note(\"step\", 3))(t0)))" hint TS80007: 'await' has no effect on the type of this expression.

