differences from pipeline_overloadedStep_jsxConditional_yield at the questions listed in tests/editor-matrix-differences.txt

=== hover /*call*/ main.ttx:4:42 ===
  |   return <p>{flip() && ((yield input) |> shape |> .length)}</p>;
  |                                          ^ /*call*/
  tt only: (alias) function shape(s: string): number

