differences from pipeline_chain_templateLiteral_finally at the questions listed in tests/editor-matrix-differences.txt

=== hover /*call2*/ main.tt:5:73 ===
  |     return `<${note("left", "L")}|${note("operand", input) |> double |> String |> .padStart(4, "*")}|${note("right", "R")}>`;
  |                                                                         ^ /*call2*/
  tt only: var String: StringConstructor
  ts only: var String: (value?: any) => string

=== definition /*call2*/ main.tt:5:73 ===
  |     return `<${note("left", "L")}|${note("operand", input) |> double |> String |> .padStart(4, "*")}|${note("right", "R")}>`;
  |                                                                         ^ /*call2*/
  ts only: <external>/lib.es5.d.ts 534:5-534:27

