differences from pipeline_overloadedStep_returnOperand_yield at the questions listed in tests/editor-matrix-differences.txt

=== hover /*call*/ main.tt:4:27 ===
  |   return (yield input) |> shape |> .length;
  |                           ^ /*call*/
  tt only: (alias) function shape(s: string): number

