differences from pipeline_optionalMemberStep_awaitOperand_await at the questions listed in tests/editor-matrix-differences.txt

=== diagnostics main.tt ===
  ts only: main "await ((t0 = await later(input), maybe(flip())?.twice(t0)))" hint TS80007: 'await' has no effect on the type of this expression.

