differences from pipeline_chain_awaitOperand_plain at the questions listed in tests/editor-matrix-differences.txt

=== hover /*call2*/ main.tt:4:53 ===
  |   return await (note("operand", input) |> double |> String |> .padStart(4, "*"));
  |                                                     ^ /*call2*/
  tt only: var String: StringConstructor
  ts only: var String: (value?: any) => string

=== definition /*call2*/ main.tt:4:53 ===
  |   return await (note("operand", input) |> double |> String |> .padStart(4, "*"));
  |                                                     ^ /*call2*/
  ts only: <external>/lib.es5.d.ts 534:5-534:27

=== diagnostics main.tt ===
  ts only: main "await (String(double(note(\"operand\", input))).padStart(4, \"*\"))" hint TS80007: 'await' has no effect on the type of this expression.

