differences from pipeline_genericStep_topLevel_using at the questions listed in tests/editor-matrix-differences.txt

=== hover /*call*/ main.tt:5:40 ===
  | const top0 = note("operand", input) |> keep |> double;
  |                                        ^ /*call*/
  tt only: (alias) function keep<T>(value: T): T
  ts only: (alias) function keep<number>(value: number): number

