differences from pipeline_nullishStep_awaitOperand_optionalChain at the questions listed in tests/editor-matrix-differences.txt

=== diagnostics main.tt ===
  ts only: main "await ((t0 = box(input)?.inner.value!, (lookup(flip()) ?? double)(t0)))" hint TS80007: 'await' has no effect on the type of this expression.

