differences from pipeline_genericStep_logicalAnd_await at the questions listed in tests/editor-matrix-differences.txt

=== hover /*call*/ main.tt:4:43 ===
  |   return flip() && (await later(input) |> keep |> double);
  |                                           ^ /*call*/
  tt only: (alias) function keep<T>(value: T): T
  ts only: (alias) function keep<number>(value: number): number

