differences from pipeline_assertionThenStep_jsxChild_await at the questions listed in tests/editor-matrix-differences.txt

=== hover /*call*/ main.ttx:4:36 ===
  |   return <p>{await later(input) |> String as string |> .length}</p>;
  |                                    ^ /*call*/
  tt only: var String: StringConstructor
  ts only: var String: (value?: any) => string

=== definition /*call*/ main.ttx:4:36 ===
  |   return <p>{await later(input) |> String as string |> .length}</p>;
  |                                    ^ /*call*/
  ts only: <external>/lib.es5.d.ts 534:5-534:27

