differences from pipeline_overloadedStep_ifLetBody_using at the questions listed in tests/editor-matrix-differences.txt

=== hover /*call*/ main.tt:6:42 ===
  |     return [n, note("operand", input) |> shape |> .length];
  |                                          ^ /*call*/
  tt only: (alias) function shape(s: string): number

