differences from pipeline_chain_callArgument_exception at the questions listed in tests/editor-matrix-differences.txt

=== hover /*call2*/ main.tt:5:57 ===
  |     return pack(note("a", 1), risky(input) |> double |> String |> .padStart(4, "*"), note("c", 3));
  |                                                         ^ /*call2*/
  tt only: var String: StringConstructor
  ts only: var String: (value?: any) => string

=== definition /*call2*/ main.tt:5:57 ===
  |     return pack(note("a", 1), risky(input) |> double |> String |> .padStart(4, "*"), note("c", 3));
  |                                                         ^ /*call2*/
  ts only: <external>/lib.es5.d.ts 534:5-534:27

