differences from pipeline_genericStep_returnOperand_finally at the questions listed in tests/editor-matrix-differences.txt

=== hover /*call*/ main.tt:5:38 ===
  |     return note("operand", input) |> keep |> double;
  |                                      ^ /*call*/
  tt only: (alias) function keep<T>(value: T): T
  ts only: (alias) function keep<number>(value: number): number

