differences from pipeline_overloadedStep_topLevel_using at the questions listed in tests/editor-matrix-differences.txt

=== hover /*call*/ main.tt:5:40 ===
  | const top0 = note("operand", input) |> shape |> .length;
  |                                        ^ /*call*/
  tt only: (alias) function shape(s: string): number

